<?xml version="1.0" encoding="utf-8"?><testsuites><testsuite errors="0" failures="0" hostname="localhost.localdomain" name="pytest" skipped="0" tests="5" time="0.054" timestamp="2020-07-20T08:55:20.740854"><testcase classname="sources.test_calc.TestCalc" file="sources/test_calc.py" line="15" name="test_add_floats" time="0.001"></testcase><testcase classname="sources.test_calc.TestCalc" file="sources/test_calc.py" line="8" name="test_add_integers" time="0.001"></testcase><testcase classname="sources.test_calc.TestCalc" file="sources/test_calc.py" line="30" name="test_add_string_and_integer" time="0.001"></testcase><testcase classname="sources.test_calc.TestCalc" file="sources/test_calc.py" line="38" name="test_add_string_and_number" time="0.001"></testcase><testcase classname="sources.test_calc.TestCalc" file="sources/test_calc.py" line="22" name="test_add_strings" time="0.001"></testcase></testsuite></testsuites>